do not forget there are some errors in this app in means you can not make some invalid syntax
